// Jest Snapshot v1, https://goo.gl/fbAQLP

exports[`App should match the snapshot with all data passed in correctly 1`] = `
<div
  className="App"
>
  <div
    className="app"
  >
    <Header
      resetQuiz={[Function]}
      showAllQuestions={false}
      studyList={Array []}
      toggle={[Function]}
    />
    <CardContainer
      guessedQuestions={Array []}
      questions={Array []}
      showAllQuestions={false}
      studyList={Array []}
      updateGuessedCards={[Function]}
      updateStudyList={[Function]}
    />
  </div>
</div>
`;
